main.c:111:6:delay_us	24	static
main.c:121:6:set_time	64	static
main.c:155:6:get_time	56	static
main.c:179:6:set_Pin_Output	40	static
main.c:188:6:set_Pin_Input	40	static
main.c:200:6:DHT11_Start	8	static
main.c:210:9:DHT11_Check_Response	24	static
main.c:240:9:DHT11_Read	24	static
main.c:271:10:OS_Tick_Enable	4	static
main.c:280:10:OS_Tick_Disable	4	static
main.c:289:6:save_to_flash	72	static
main.c:342:6:read_flash	24	static
main.c:360:10:used_mem	24	static
main.c:378:9:flash_ready	4	static
main.c:382:6:flash_erase_all_pages	8	static
main.c:390:6:flash_erase_page	16	static
main.c:400:6:flash_unlock	4	static
main.c:405:6:flash_lock	4	static
main.c:410:6:flash_write	24	static
main.c:440:10:flash_read	16	static
main.c:444:10:flash_erase	40	static
main.c:471:10:flash_copy_page	24	static
main.c:489:5:main	64	static
main.c:599:6:SystemClock_Config	160	static
main.c:649:13:MX_ADC1_Init	48	static
main.c:712:13:MX_ADC2_Init	32	static
main.c:767:13:MX_RTC_Init	32	static
main.c:835:13:MX_TIM2_Init	40	static
main.c:880:13:MX_USART1_UART_Init	8	static
main.c:915:13:MX_USART2_UART_Init	8	static
main.c:950:13:MX_GPIO_Init	40	static
main.c:982:6:StartDefaultTask	112	static
main.c:1100:6:readPotentiometerData	48	static
main.c:1147:6:HAL_TIM_PeriodElapsedCallback	16	static
main.c:1164:6:Error_Handler	4	static
