main.c:127:6:delay_us	24	static
main.c:137:6:set_time	64	static
main.c:170:6:get_time	56	static
main.c:194:6:set_Pin_Output	40	static
main.c:203:6:set_Pin_Input	40	static
main.c:215:6:DHT11_Start	8	static
main.c:225:9:DHT11_Check_Response	24	static
main.c:255:9:DHT11_Read	24	static
main.c:286:10:OS_Tick_Enable	4	static
main.c:295:10:OS_Tick_Disable	4	static
main.c:304:6:save_to_flash	72	static
main.c:357:6:read_flash	24	static
main.c:375:10:used_mem	24	static
main.c:389:6:LoggerInit	40	static
main.c:407:6:LoggerUpdate	56	static
main.c:425:6:LogData	32	static
main.c:473:9:flash_ready	4	static
main.c:477:6:flash_erase_all_pages	8	static
main.c:485:6:flash_erase_page	16	static
main.c:495:6:flash_unlock	4	static
main.c:500:6:flash_lock	4	static
main.c:505:6:flash_write	24	static
main.c:535:10:flash_read	16	static
main.c:539:10:flash_erase	40	static
main.c:566:10:flash_copy_page	24	static
main.c:577:9:define_page	48	static
main.c:606:5:main	64	static
main.c:716:6:SystemClock_Config	160	static
main.c:766:13:MX_ADC1_Init	48	static
main.c:829:13:MX_ADC2_Init	32	static
main.c:884:13:MX_RTC_Init	32	static
main.c:952:13:MX_TIM2_Init	40	static
main.c:997:13:MX_USART1_UART_Init	8	static
main.c:1032:13:MX_USART2_UART_Init	8	static
main.c:1067:13:MX_GPIO_Init	40	static
main.c:1099:6:StartDefaultTask	112	static
main.c:1213:6:readPotentiometerData	48	static
main.c:1256:6:HAL_TIM_PeriodElapsedCallback	16	static
main.c:1273:6:Error_Handler	4	static
