main.c:111:6:delay_us	24	static
main.c:121:6:set_time	64	static
main.c:154:6:get_time	56	static
main.c:178:6:set_Pin_Output	40	static
main.c:187:6:set_Pin_Input	40	static
main.c:199:6:DHT11_Start	8	static
main.c:209:9:DHT11_Check_Response	24	static
main.c:239:9:DHT11_Read	24	static
main.c:270:10:OS_Tick_Enable	4	static
main.c:279:10:OS_Tick_Disable	4	static
main.c:288:6:save_to_flash	72	static
main.c:341:6:read_flash	24	static
main.c:359:10:used_mem	24	static
main.c:377:9:flash_ready	4	static
main.c:381:6:flash_erase_all_pages	8	static
main.c:389:6:flash_erase_page	16	static
main.c:399:6:flash_unlock	4	static
main.c:404:6:flash_lock	4	static
main.c:409:6:flash_write	24	static
main.c:439:10:flash_read	16	static
main.c:443:10:flash_erase	40	static
main.c:470:10:flash_copy_page	24	static
main.c:488:5:main	64	static
main.c:598:6:SystemClock_Config	160	static
main.c:648:13:MX_ADC1_Init	48	static
main.c:711:13:MX_ADC2_Init	32	static
main.c:766:13:MX_RTC_Init	32	static
main.c:834:13:MX_TIM2_Init	40	static
main.c:879:13:MX_USART1_UART_Init	8	static
main.c:914:13:MX_USART2_UART_Init	8	static
main.c:949:13:MX_GPIO_Init	40	static
main.c:981:6:StartDefaultTask	112	static
main.c:1095:6:readPotentiometerData	48	static
main.c:1138:6:HAL_TIM_PeriodElapsedCallback	16	static
main.c:1155:6:Error_Handler	4	static
